// Jest Snapshot v1, https://goo.gl/fbAQLP

exports[`Unit testing using snapshots default 1`] = `"{}"`;
